
> stockx-web@0.1.0 build
> next build

node.exe : ΓÜá Found lockfile missing swc 
dependencies, patching...
At line:1 char:1
+ & "C:\Program Files\nodejs/node.exe" 
"C:\Program Files\nodejs/node_mo ...
+ ~~~~~~~~~~~~~~~~~~~~~~~~~~~~~~~~~~~~~~~~~~
~~~~~~~~~~~~~~~~~~~~~~~~~~~
    + CategoryInfo          : NotSpecified: 
    (ΓÜá Found lockf...es, patching...:Str  
  ing) [], RemoteException
    + FullyQualifiedErrorId : NativeCommand 
   Error
 
ΓÜá Warning: Next.js inferred your 
workspace root, but it may not be correct.
 We detected multiple lockfiles and 
selected the directory of 
C:\Users\varsh\package-lock.json as the 
root directory.
 To silence this warning, set 
`turbopack.root` in your Next.js config, or 
consider removing one of the lockfiles if 
it's not needed.
   See https://nextjs.org/docs/app/api-refer
ence/config/next-config-js/turbopack#root-di
rectory for more information.
 Detected additional lockfiles: 
   * C:\Users\varsh\.gemini\antigravity\scra
tch\stockx-web\package-lock.json

Γû▓ Next.js 16.1.3 (Turbopack)
- Environments: .env

  Creating an optimized production build ...
ΓÜá Found lockfile missing swc 
dependencies, patching...
ΓÜá Lockfile was successfully patched, 
please run "npm install" to ensure 
@next/swc dependencies are downloaded
ΓÜá Lockfile was successfully patched, 
please run "npm install" to ensure 
@next/swc dependencies are downloaded
Γ£ô Compiled successfully in 12.2s
  Running TypeScript ...
  Collecting page data using 11 workers ...
  Generating static pages using 11 workers (0/24) ...
  Generating static pages using 11 workers (6/24) 
  Generating static pages using 11 workers (12/24) 
  Generating static pages using 11 workers (18/24) 
Γ£ô Generating static pages using 11 workers (24/24) in 1925.8ms
  Finalizing page optimization ...

Route (app)
Γöî Γùï /
Γö£ Γùï /_not-found
Γö£ Γùï /about
Γö£ Γùï /admin
Γö£ Γùï /auth/callback
Γö£ Γùï /bookmarks
Γö£ Γùï /dashboard
Γö£ Γùï /explore
Γö£ Γùï /icon.png
Γö£ Γùï /indian-stock-market
Γö£ Γùï /legal/cookies
Γö£ Γùï /legal/privacy
Γö£ Γùï /legal/terms
Γö£ Γùï /login
Γö£ Γùï /news
Γö£ Γùï /notifications
Γö£ Γùï /results
Γö£ ╞Æ /results/[symbol]
Γö£ Γùï /settings
Γö£ Γùï /signup
Γö£ Γùï /stock-of-the-week
Γö£ ╞Æ /stock/[symbol]
Γö£ Γùï /strategist
Γö£ Γùï /trending
Γö£ ╞Æ /u/[handle]
Γöö Γùï /verdict


Γùï  (Static)   prerendered as static content
╞Æ  (Dynamic)  server-rendered on demand

